---
source: cli/tests/application_instances.rs
expression: "std::str::from_utf8(&output.stdout).unwrap()"
---
┌───────────────────────┬─────────────┬────────────────┬──────────────────────┐
│ INSTANCE-NAME         │ INSTANCE-IP │ INSTANCE-READY │ IS_LIVEBOOK_INSTANCE │
├───────────────────────┼─────────────┼────────────────┼──────────────────────┤
│ green@prod/the-blue-1 │             │ true           │ false                │
├───────────────────────┼─────────────┼────────────────┼──────────────────────┤
│ green@prod/the-blue-2 │             │ false          │ false                │
└───────────────────────┴─────────────┴────────────────┴──────────────────────┘
