---
source: cli/tests/application_instances.rs
expression: "std::str::from_utf8(&output.stderr).unwrap()"
---
You don't have permission to connect to this instance.
Please check with your team manager to get approval first.
[33mA new release of wukong is available:[39m [36m2.0.0-alpha2[39m [36m→[39m [36m2.0.1[39m
To upgrade, run: brew update && brew upgrade wukong
[33mhttps://api.github.com/repos/mindvalley/wukong-cli/releases/128072901[39m

