---
source: cli/tests/completion.rs
expression: "std::str::from_utf8(&output.stdout).unwrap()"
---
# Print an optspec for argparse to handle cmd's options that are independent of any subcommand.
function __fish_wukong_global_optspecs
	string join \n v/verbose q/quiet report canary h/help V/version
end

function __fish_wukong_needs_command
	# Figure out if the current invocation already has a command.
	set -l cmd (commandline -opc)
	set -e cmd[1]
	argparse -s (__fish_wukong_global_optspecs) -- $cmd 2>/dev/null
	or return
	if set -q argv[1]
		# Also print the command, so this can be used to figure out what it is.
		echo $argv[1]
		return 1
	end
	return 0
end

function __fish_wukong_using_subcommand
	set -l cmd (__fish_wukong_needs_command)
	test -z "$cmd"
	and return 1
	contains -- $cmd[1] $argv
end

complete -c wukong -n "__fish_wukong_needs_command" -s v -l verbose -d 'Use verbos output. More output per occurrence.  By default, it\'ll only report errors. `-v` show warnings `-vv` show info `-vvv` show debug `-vvvv` show trace'
complete -c wukong -n "__fish_wukong_needs_command" -s q -l quiet -d 'Do not print log message'
complete -c wukong -n "__fish_wukong_needs_command" -l report -d 'Store the debugging log in the log file, which is located at ~/.config/wukong'
complete -c wukong -n "__fish_wukong_needs_command" -l canary -d 'Use the Canary channel API'
complete -c wukong -n "__fish_wukong_needs_command" -s h -l help -d 'Print help'
complete -c wukong -n "__fish_wukong_needs_command" -s V -l version -d 'Print version'
complete -c wukong -n "__fish_wukong_needs_command" -f -a "init" -d 'Initialize Wukong\'s configurations'
complete -c wukong -n "__fish_wukong_needs_command" -f -a "application" -d 'This command group contains the commands to interact with an application’s configurations'
complete -c wukong -n "__fish_wukong_needs_command" -f -a "deployment" -d 'This command group contains the commands to view and interact with the Continuous Delivery pipeline of an application'
complete -c wukong -n "__fish_wukong_needs_command" -f -a "dev" -d 'This command group contains the commands to interact with the local development environment'
complete -c wukong -n "__fish_wukong_needs_command" -f -a "config" -d 'This command group contains the commands to view & interact with Wukong\'s configurations'
complete -c wukong -n "__fish_wukong_needs_command" -f -a "login" -d 'Login to start using wukong command'
complete -c wukong -n "__fish_wukong_needs_command" -f -a "google" -d 'This command group contains the commands to interact with Google services'
complete -c wukong -n "__fish_wukong_needs_command" -f -a "completion" -d 'Generate wukong cli completions for your shell to stdout'
complete -c wukong -n "__fish_wukong_needs_command" -f -a "tui" -d 'Start TUI session'
complete -c wukong -n "__fish_wukong_needs_command" -f -a "help" -d 'Print this message or the help of the given subcommand(s)'
complete -c wukong -n "__fish_wukong_using_subcommand init" -s v -l verbose -d 'Use verbos output. More output per occurrence.  By default, it\'ll only report errors. `-v` show warnings `-vv` show info `-vvv` show debug `-vvvv` show trace'
complete -c wukong -n "__fish_wukong_using_subcommand init" -s q -l quiet -d 'Do not print log message'
complete -c wukong -n "__fish_wukong_using_subcommand init" -l report -d 'Store the debugging log in the log file, which is located at ~/.config/wukong'
complete -c wukong -n "__fish_wukong_using_subcommand init" -l canary -d 'Use the Canary channel API'
complete -c wukong -n "__fish_wukong_using_subcommand init" -s h -l help -d 'Print help'
complete -c wukong -n "__fish_wukong_using_subcommand application; and not __fish_seen_subcommand_from info logs instances init help" -s v -l verbose -d 'Use verbos output. More output per occurrence.  By default, it\'ll only report errors. `-v` show warnings `-vv` show info `-vvv` show debug `-vvvv` show trace'
complete -c wukong -n "__fish_wukong_using_subcommand application; and not __fish_seen_subcommand_from info logs instances init help" -s q -l quiet -d 'Do not print log message'
complete -c wukong -n "__fish_wukong_using_subcommand application; and not __fish_seen_subcommand_from info logs instances init help" -l report -d 'Store the debugging log in the log file, which is located at ~/.config/wukong'
complete -c wukong -n "__fish_wukong_using_subcommand application; and not __fish_seen_subcommand_from info logs instances init help" -l canary -d 'Use the Canary channel API'
complete -c wukong -n "__fish_wukong_using_subcommand application; and not __fish_seen_subcommand_from info logs instances init help" -s h -l help -d 'Print help'
complete -c wukong -n "__fish_wukong_using_subcommand application; and not __fish_seen_subcommand_from info logs instances init help" -f -a "info" -d 'Show the application’s relevant informations'
complete -c wukong -n "__fish_wukong_using_subcommand application; and not __fish_seen_subcommand_from info logs instances init help" -f -a "logs" -d 'Getting the logs of the applications from the Google Cloud Logging'
complete -c wukong -n "__fish_wukong_using_subcommand application; and not __fish_seen_subcommand_from info logs instances init help" -f -a "instances" -d 'This command group contains the commands to interact with an application’s instances'
complete -c wukong -n "__fish_wukong_using_subcommand application; and not __fish_seen_subcommand_from info logs instances init help" -f -a "init"
complete -c wukong -n "__fish_wukong_using_subcommand application; and not __fish_seen_subcommand_from info logs instances init help" -f -a "help" -d 'Print this message or the help of the given subcommand(s)'
complete -c wukong -n "__fish_wukong_using_subcommand application; and __fish_seen_subcommand_from info" -s v -l verbose -d 'Use verbos output. More output per occurrence.  By default, it\'ll only report errors. `-v` show warnings `-vv` show info `-vvv` show debug `-vvvv` show trace'
complete -c wukong -n "__fish_wukong_using_subcommand application; and __fish_seen_subcommand_from info" -s q -l quiet -d 'Do not print log message'
complete -c wukong -n "__fish_wukong_using_subcommand application; and __fish_seen_subcommand_from info" -l report -d 'Store the debugging log in the log file, which is located at ~/.config/wukong'
complete -c wukong -n "__fish_wukong_using_subcommand application; and __fish_seen_subcommand_from info" -l canary -d 'Use the Canary channel API'
complete -c wukong -n "__fish_wukong_using_subcommand application; and __fish_seen_subcommand_from info" -s h -l help -d 'Print help'
complete -c wukong -n "__fish_wukong_using_subcommand application; and __fish_seen_subcommand_from logs" -l namespace -d '(optional) The namespace to deploy to' -r -f -a "{prod\t'',staging\t''}"
complete -c wukong -n "__fish_wukong_using_subcommand application; and __fish_seen_subcommand_from logs" -l version -d '(optional) The version that the deployment will perform against' -r -f -a "{blue\t'',green\t''}"
complete -c wukong -n "__fish_wukong_using_subcommand application; and __fish_seen_subcommand_from logs" -s s -l since -d 'Show logs lines newer from relative duration, e.g 5m, 1h, 1d. Also accept datetime in RFC 3339 format' -r
complete -c wukong -n "__fish_wukong_using_subcommand application; and __fish_seen_subcommand_from logs" -s u -l until -d 'Show logs lines older than relative duration, e.g 30m, 2h, 2d. Also accept datetime in RFC 3339 format' -r
complete -c wukong -n "__fish_wukong_using_subcommand application; and __fish_seen_subcommand_from logs" -l limit -d 'Limiting the number of log entries to return' -r
complete -c wukong -n "__fish_wukong_using_subcommand application; and __fish_seen_subcommand_from logs" -s i -l include -d '(allow multiple flags) Logs lines to include' -r
complete -c wukong -n "__fish_wukong_using_subcommand application; and __fish_seen_subcommand_from logs" -s e -l exclude -d '(allow multiple flags) Logs lines to exclude' -r
complete -c wukong -n "__fish_wukong_using_subcommand application; and __fish_seen_subcommand_from logs" -l errors -d 'Only print out logs line with severity >= ERROR'
complete -c wukong -n "__fish_wukong_using_subcommand application; and __fish_seen_subcommand_from logs" -l url-mode -d 'Generate the URL to view the logs in browser'
complete -c wukong -n "__fish_wukong_using_subcommand application; and __fish_seen_subcommand_from logs" -s v -l verbose -d 'Use verbos output. More output per occurrence.  By default, it\'ll only report errors. `-v` show warnings `-vv` show info `-vvv` show debug `-vvvv` show trace'
complete -c wukong -n "__fish_wukong_using_subcommand application; and __fish_seen_subcommand_from logs" -s q -l quiet -d 'Do not print log message'
complete -c wukong -n "__fish_wukong_using_subcommand application; and __fish_seen_subcommand_from logs" -l report -d 'Store the debugging log in the log file, which is located at ~/.config/wukong'
complete -c wukong -n "__fish_wukong_using_subcommand application; and __fish_seen_subcommand_from logs" -l canary -d 'Use the Canary channel API'
complete -c wukong -n "__fish_wukong_using_subcommand application; and __fish_seen_subcommand_from logs" -s h -l help -d 'Print help'
complete -c wukong -n "__fish_wukong_using_subcommand application; and __fish_seen_subcommand_from instances" -s v -l verbose -d 'Use verbos output. More output per occurrence.  By default, it\'ll only report errors. `-v` show warnings `-vv` show info `-vvv` show debug `-vvvv` show trace'
complete -c wukong -n "__fish_wukong_using_subcommand application; and __fish_seen_subcommand_from instances" -s q -l quiet -d 'Do not print log message'
complete -c wukong -n "__fish_wukong_using_subcommand application; and __fish_seen_subcommand_from instances" -l report -d 'Store the debugging log in the log file, which is located at ~/.config/wukong'
complete -c wukong -n "__fish_wukong_using_subcommand application; and __fish_seen_subcommand_from instances" -l canary -d 'Use the Canary channel API'
complete -c wukong -n "__fish_wukong_using_subcommand application; and __fish_seen_subcommand_from instances" -s h -l help -d 'Print help'
complete -c wukong -n "__fish_wukong_using_subcommand application; and __fish_seen_subcommand_from instances" -f -a "list" -d 'Listing the currently running Elixir instances, normally under a GKE Pod'
complete -c wukong -n "__fish_wukong_using_subcommand application; and __fish_seen_subcommand_from instances" -f -a "connect" -d 'Start the interactive session to connect to the remote Elixir instance'
complete -c wukong -n "__fish_wukong_using_subcommand application; and __fish_seen_subcommand_from instances" -f -a "help" -d 'Print this message or the help of the given subcommand(s)'
complete -c wukong -n "__fish_wukong_using_subcommand application; and __fish_seen_subcommand_from init" -s v -l verbose -d 'Use verbos output. More output per occurrence.  By default, it\'ll only report errors. `-v` show warnings `-vv` show info `-vvv` show debug `-vvvv` show trace'
complete -c wukong -n "__fish_wukong_using_subcommand application; and __fish_seen_subcommand_from init" -s q -l quiet -d 'Do not print log message'
complete -c wukong -n "__fish_wukong_using_subcommand application; and __fish_seen_subcommand_from init" -l report -d 'Store the debugging log in the log file, which is located at ~/.config/wukong'
complete -c wukong -n "__fish_wukong_using_subcommand application; and __fish_seen_subcommand_from init" -l canary -d 'Use the Canary channel API'
complete -c wukong -n "__fish_wukong_using_subcommand application; and __fish_seen_subcommand_from init" -s h -l help -d 'Print help'
complete -c wukong -n "__fish_wukong_using_subcommand application; and __fish_seen_subcommand_from help" -f -a "info" -d 'Show the application’s relevant informations'
complete -c wukong -n "__fish_wukong_using_subcommand application; and __fish_seen_subcommand_from help" -f -a "logs" -d 'Getting the logs of the applications from the Google Cloud Logging'
complete -c wukong -n "__fish_wukong_using_subcommand application; and __fish_seen_subcommand_from help" -f -a "instances" -d 'This command group contains the commands to interact with an application’s instances'
complete -c wukong -n "__fish_wukong_using_subcommand application; and __fish_seen_subcommand_from help" -f -a "init"
complete -c wukong -n "__fish_wukong_using_subcommand application; and __fish_seen_subcommand_from help" -f -a "help" -d 'Print this message or the help of the given subcommand(s)'
complete -c wukong -n "__fish_wukong_using_subcommand deployment; and not __fish_seen_subcommand_from list execute rollback status help" -s v -l verbose -d 'Use verbos output. More output per occurrence.  By default, it\'ll only report errors. `-v` show warnings `-vv` show info `-vvv` show debug `-vvvv` show trace'
complete -c wukong -n "__fish_wukong_using_subcommand deployment; and not __fish_seen_subcommand_from list execute rollback status help" -s q -l quiet -d 'Do not print log message'
complete -c wukong -n "__fish_wukong_using_subcommand deployment; and not __fish_seen_subcommand_from list execute rollback status help" -l report -d 'Store the debugging log in the log file, which is located at ~/.config/wukong'
complete -c wukong -n "__fish_wukong_using_subcommand deployment; and not __fish_seen_subcommand_from list execute rollback status help" -l canary -d 'Use the Canary channel API'
complete -c wukong -n "__fish_wukong_using_subcommand deployment; and not __fish_seen_subcommand_from list execute rollback status help" -s h -l help -d 'Print help'
complete -c wukong -n "__fish_wukong_using_subcommand deployment; and not __fish_seen_subcommand_from list execute rollback status help" -f -a "list" -d 'List the current available deployment pipelines of an application'
complete -c wukong -n "__fish_wukong_using_subcommand deployment; and not __fish_seen_subcommand_from list execute rollback status help" -f -a "execute" -d 'Start the deployment pipeline'
complete -c wukong -n "__fish_wukong_using_subcommand deployment; and not __fish_seen_subcommand_from list execute rollback status help" -f -a "rollback" -d 'Rollback the deployment pipeline'
complete -c wukong -n "__fish_wukong_using_subcommand deployment; and not __fish_seen_subcommand_from list execute rollback status help" -f -a "status" -d 'Get the status of the latest deployment'
complete -c wukong -n "__fish_wukong_using_subcommand deployment; and not __fish_seen_subcommand_from list execute rollback status help" -f -a "help" -d 'Print this message or the help of the given subcommand(s)'
complete -c wukong -n "__fish_wukong_using_subcommand deployment; and __fish_seen_subcommand_from list" -s v -l verbose -d 'Use verbos output. More output per occurrence.  By default, it\'ll only report errors. `-v` show warnings `-vv` show info `-vvv` show debug `-vvvv` show trace'
complete -c wukong -n "__fish_wukong_using_subcommand deployment; and __fish_seen_subcommand_from list" -s q -l quiet -d 'Do not print log message'
complete -c wukong -n "__fish_wukong_using_subcommand deployment; and __fish_seen_subcommand_from list" -l report -d 'Store the debugging log in the log file, which is located at ~/.config/wukong'
complete -c wukong -n "__fish_wukong_using_subcommand deployment; and __fish_seen_subcommand_from list" -l canary -d 'Use the Canary channel API'
complete -c wukong -n "__fish_wukong_using_subcommand deployment; and __fish_seen_subcommand_from list" -s h -l help -d 'Print help'
complete -c wukong -n "__fish_wukong_using_subcommand deployment; and __fish_seen_subcommand_from execute" -l namespace -d 'The namespace to deploy to' -r -f -a "{prod\t'',staging\t''}"
complete -c wukong -n "__fish_wukong_using_subcommand deployment; and __fish_seen_subcommand_from execute" -l version -d 'The version that the deployment will perform against' -r -f -a "{blue\t'',green\t''}"
complete -c wukong -n "__fish_wukong_using_subcommand deployment; and __fish_seen_subcommand_from execute" -l artifact -d 'The build artifact that the deployment will use' -r
complete -c wukong -n "__fish_wukong_using_subcommand deployment; and __fish_seen_subcommand_from execute" -s v -l verbose -d 'Use verbos output. More output per occurrence.  By default, it\'ll only report errors. `-v` show warnings `-vv` show info `-vvv` show debug `-vvvv` show trace'
complete -c wukong -n "__fish_wukong_using_subcommand deployment; and __fish_seen_subcommand_from execute" -s q -l quiet -d 'Do not print log message'
complete -c wukong -n "__fish_wukong_using_subcommand deployment; and __fish_seen_subcommand_from execute" -l report -d 'Store the debugging log in the log file, which is located at ~/.config/wukong'
complete -c wukong -n "__fish_wukong_using_subcommand deployment; and __fish_seen_subcommand_from execute" -l canary -d 'Use the Canary channel API'
complete -c wukong -n "__fish_wukong_using_subcommand deployment; and __fish_seen_subcommand_from execute" -s h -l help -d 'Print help'
complete -c wukong -n "__fish_wukong_using_subcommand deployment; and __fish_seen_subcommand_from rollback" -l namespace -d 'The namespace to deploy to' -r -f -a "{prod\t'',staging\t''}"
complete -c wukong -n "__fish_wukong_using_subcommand deployment; and __fish_seen_subcommand_from rollback" -l version -d 'The version that the deployment will perform against' -r -f -a "{blue\t'',green\t''}"
complete -c wukong -n "__fish_wukong_using_subcommand deployment; and __fish_seen_subcommand_from rollback" -s v -l verbose -d 'Use verbos output. More output per occurrence.  By default, it\'ll only report errors. `-v` show warnings `-vv` show info `-vvv` show debug `-vvvv` show trace'
complete -c wukong -n "__fish_wukong_using_subcommand deployment; and __fish_seen_subcommand_from rollback" -s q -l quiet -d 'Do not print log message'
complete -c wukong -n "__fish_wukong_using_subcommand deployment; and __fish_seen_subcommand_from rollback" -l report -d 'Store the debugging log in the log file, which is located at ~/.config/wukong'
complete -c wukong -n "__fish_wukong_using_subcommand deployment; and __fish_seen_subcommand_from rollback" -l canary -d 'Use the Canary channel API'
complete -c wukong -n "__fish_wukong_using_subcommand deployment; and __fish_seen_subcommand_from rollback" -s h -l help -d 'Print help'
complete -c wukong -n "__fish_wukong_using_subcommand deployment; and __fish_seen_subcommand_from status" -l version -d 'The version of the deployment' -r -f -a "{blue\t'',green\t''}"
complete -c wukong -n "__fish_wukong_using_subcommand deployment; and __fish_seen_subcommand_from status" -s v -l verbose -d 'Use verbos output. More output per occurrence.  By default, it\'ll only report errors. `-v` show warnings `-vv` show info `-vvv` show debug `-vvvv` show trace'
complete -c wukong -n "__fish_wukong_using_subcommand deployment; and __fish_seen_subcommand_from status" -s q -l quiet -d 'Do not print log message'
complete -c wukong -n "__fish_wukong_using_subcommand deployment; and __fish_seen_subcommand_from status" -l report -d 'Store the debugging log in the log file, which is located at ~/.config/wukong'
complete -c wukong -n "__fish_wukong_using_subcommand deployment; and __fish_seen_subcommand_from status" -l canary -d 'Use the Canary channel API'
complete -c wukong -n "__fish_wukong_using_subcommand deployment; and __fish_seen_subcommand_from status" -s h -l help -d 'Print help'
complete -c wukong -n "__fish_wukong_using_subcommand deployment; and __fish_seen_subcommand_from help" -f -a "list" -d 'List the current available deployment pipelines of an application'
complete -c wukong -n "__fish_wukong_using_subcommand deployment; and __fish_seen_subcommand_from help" -f -a "execute" -d 'Start the deployment pipeline'
complete -c wukong -n "__fish_wukong_using_subcommand deployment; and __fish_seen_subcommand_from help" -f -a "rollback" -d 'Rollback the deployment pipeline'
complete -c wukong -n "__fish_wukong_using_subcommand deployment; and __fish_seen_subcommand_from help" -f -a "status" -d 'Get the status of the latest deployment'
complete -c wukong -n "__fish_wukong_using_subcommand deployment; and __fish_seen_subcommand_from help" -f -a "help" -d 'Print this message or the help of the given subcommand(s)'
complete -c wukong -n "__fish_wukong_using_subcommand dev; and not __fish_seen_subcommand_from config help" -s v -l verbose -d 'Use verbos output. More output per occurrence.  By default, it\'ll only report errors. `-v` show warnings `-vv` show info `-vvv` show debug `-vvvv` show trace'
complete -c wukong -n "__fish_wukong_using_subcommand dev; and not __fish_seen_subcommand_from config help" -s q -l quiet -d 'Do not print log message'
complete -c wukong -n "__fish_wukong_using_subcommand dev; and not __fish_seen_subcommand_from config help" -l report -d 'Store the debugging log in the log file, which is located at ~/.config/wukong'
complete -c wukong -n "__fish_wukong_using_subcommand dev; and not __fish_seen_subcommand_from config help" -l canary -d 'Use the Canary channel API'
complete -c wukong -n "__fish_wukong_using_subcommand dev; and not __fish_seen_subcommand_from config help" -s h -l help -d 'Print help'
complete -c wukong -n "__fish_wukong_using_subcommand dev; and not __fish_seen_subcommand_from config help" -f -a "config" -d 'This command group contains the commands to interact with the config secrets with bunker'
complete -c wukong -n "__fish_wukong_using_subcommand dev; and not __fish_seen_subcommand_from config help" -f -a "help" -d 'Print this message or the help of the given subcommand(s)'
complete -c wukong -n "__fish_wukong_using_subcommand dev; and __fish_seen_subcommand_from config" -s v -l verbose -d 'Use verbos output. More output per occurrence.  By default, it\'ll only report errors. `-v` show warnings `-vv` show info `-vvv` show debug `-vvvv` show trace'
complete -c wukong -n "__fish_wukong_using_subcommand dev; and __fish_seen_subcommand_from config" -s q -l quiet -d 'Do not print log message'
complete -c wukong -n "__fish_wukong_using_subcommand dev; and __fish_seen_subcommand_from config" -l report -d 'Store the debugging log in the log file, which is located at ~/.config/wukong'
complete -c wukong -n "__fish_wukong_using_subcommand dev; and __fish_seen_subcommand_from config" -l canary -d 'Use the Canary channel API'
complete -c wukong -n "__fish_wukong_using_subcommand dev; and __fish_seen_subcommand_from config" -s h -l help -d 'Print help'
complete -c wukong -n "__fish_wukong_using_subcommand dev; and __fish_seen_subcommand_from config" -f -a "push" -d 'Push the current configuration changes to the Bunker'
complete -c wukong -n "__fish_wukong_using_subcommand dev; and __fish_seen_subcommand_from config" -f -a "diff" -d 'Show changes between the local configuration and the Bunker'
complete -c wukong -n "__fish_wukong_using_subcommand dev; and __fish_seen_subcommand_from config" -f -a "pull" -d 'Pull the development config file from Bunker'
complete -c wukong -n "__fish_wukong_using_subcommand dev; and __fish_seen_subcommand_from config" -f -a "lint" -d 'Linting the config and show possible warnings, as well as suggestion how to fix the config file'
complete -c wukong -n "__fish_wukong_using_subcommand dev; and __fish_seen_subcommand_from config" -f -a "help" -d 'Print this message or the help of the given subcommand(s)'
complete -c wukong -n "__fish_wukong_using_subcommand dev; and __fish_seen_subcommand_from help" -f -a "config" -d 'This command group contains the commands to interact with the config secrets with bunker'
complete -c wukong -n "__fish_wukong_using_subcommand dev; and __fish_seen_subcommand_from help" -f -a "help" -d 'Print this message or the help of the given subcommand(s)'
complete -c wukong -n "__fish_wukong_using_subcommand config; and not __fish_seen_subcommand_from list set get help" -s v -l verbose -d 'Use verbos output. More output per occurrence.  By default, it\'ll only report errors. `-v` show warnings `-vv` show info `-vvv` show debug `-vvvv` show trace'
complete -c wukong -n "__fish_wukong_using_subcommand config; and not __fish_seen_subcommand_from list set get help" -s q -l quiet -d 'Do not print log message'
complete -c wukong -n "__fish_wukong_using_subcommand config; and not __fish_seen_subcommand_from list set get help" -l report -d 'Store the debugging log in the log file, which is located at ~/.config/wukong'
complete -c wukong -n "__fish_wukong_using_subcommand config; and not __fish_seen_subcommand_from list set get help" -l canary -d 'Use the Canary channel API'
complete -c wukong -n "__fish_wukong_using_subcommand config; and not __fish_seen_subcommand_from list set get help" -s h -l help -d 'Print help'
complete -c wukong -n "__fish_wukong_using_subcommand config; and not __fish_seen_subcommand_from list set get help" -f -a "list" -d 'List the configurations'
complete -c wukong -n "__fish_wukong_using_subcommand config; and not __fish_seen_subcommand_from list set get help" -f -a "set" -d 'Set the value of a configuration'
complete -c wukong -n "__fish_wukong_using_subcommand config; and not __fish_seen_subcommand_from list set get help" -f -a "get" -d 'Print the value of a configuration'
complete -c wukong -n "__fish_wukong_using_subcommand config; and not __fish_seen_subcommand_from list set get help" -f -a "help" -d 'Print this message or the help of the given subcommand(s)'
complete -c wukong -n "__fish_wukong_using_subcommand config; and __fish_seen_subcommand_from list" -s v -l verbose -d 'Use verbos output. More output per occurrence.  By default, it\'ll only report errors. `-v` show warnings `-vv` show info `-vvv` show debug `-vvvv` show trace'
complete -c wukong -n "__fish_wukong_using_subcommand config; and __fish_seen_subcommand_from list" -s q -l quiet -d 'Do not print log message'
complete -c wukong -n "__fish_wukong_using_subcommand config; and __fish_seen_subcommand_from list" -l report -d 'Store the debugging log in the log file, which is located at ~/.config/wukong'
complete -c wukong -n "__fish_wukong_using_subcommand config; and __fish_seen_subcommand_from list" -l canary -d 'Use the Canary channel API'
complete -c wukong -n "__fish_wukong_using_subcommand config; and __fish_seen_subcommand_from list" -s h -l help -d 'Print help'
complete -c wukong -n "__fish_wukong_using_subcommand config; and __fish_seen_subcommand_from set" -s v -l verbose -d 'Use verbos output. More output per occurrence.  By default, it\'ll only report errors. `-v` show warnings `-vv` show info `-vvv` show debug `-vvvv` show trace'
complete -c wukong -n "__fish_wukong_using_subcommand config; and __fish_seen_subcommand_from set" -s q -l quiet -d 'Do not print log message'
complete -c wukong -n "__fish_wukong_using_subcommand config; and __fish_seen_subcommand_from set" -l report -d 'Store the debugging log in the log file, which is located at ~/.config/wukong'
complete -c wukong -n "__fish_wukong_using_subcommand config; and __fish_seen_subcommand_from set" -l canary -d 'Use the Canary channel API'
complete -c wukong -n "__fish_wukong_using_subcommand config; and __fish_seen_subcommand_from set" -s h -l help -d 'Print help'
complete -c wukong -n "__fish_wukong_using_subcommand config; and __fish_seen_subcommand_from get" -s v -l verbose -d 'Use verbos output. More output per occurrence.  By default, it\'ll only report errors. `-v` show warnings `-vv` show info `-vvv` show debug `-vvvv` show trace'
complete -c wukong -n "__fish_wukong_using_subcommand config; and __fish_seen_subcommand_from get" -s q -l quiet -d 'Do not print log message'
complete -c wukong -n "__fish_wukong_using_subcommand config; and __fish_seen_subcommand_from get" -l report -d 'Store the debugging log in the log file, which is located at ~/.config/wukong'
complete -c wukong -n "__fish_wukong_using_subcommand config; and __fish_seen_subcommand_from get" -l canary -d 'Use the Canary channel API'
complete -c wukong -n "__fish_wukong_using_subcommand config; and __fish_seen_subcommand_from get" -s h -l help -d 'Print help'
complete -c wukong -n "__fish_wukong_using_subcommand config; and __fish_seen_subcommand_from help" -f -a "list" -d 'List the configurations'
complete -c wukong -n "__fish_wukong_using_subcommand config; and __fish_seen_subcommand_from help" -f -a "set" -d 'Set the value of a configuration'
complete -c wukong -n "__fish_wukong_using_subcommand config; and __fish_seen_subcommand_from help" -f -a "get" -d 'Print the value of a configuration'
complete -c wukong -n "__fish_wukong_using_subcommand config; and __fish_seen_subcommand_from help" -f -a "help" -d 'Print this message or the help of the given subcommand(s)'
complete -c wukong -n "__fish_wukong_using_subcommand login" -s v -l verbose -d 'Use verbos output. More output per occurrence.  By default, it\'ll only report errors. `-v` show warnings `-vv` show info `-vvv` show debug `-vvvv` show trace'
complete -c wukong -n "__fish_wukong_using_subcommand login" -s q -l quiet -d 'Do not print log message'
complete -c wukong -n "__fish_wukong_using_subcommand login" -l report -d 'Store the debugging log in the log file, which is located at ~/.config/wukong'
complete -c wukong -n "__fish_wukong_using_subcommand login" -l canary -d 'Use the Canary channel API'
complete -c wukong -n "__fish_wukong_using_subcommand login" -s h -l help -d 'Print help'
complete -c wukong -n "__fish_wukong_using_subcommand google; and not __fish_seen_subcommand_from login help" -s v -l verbose -d 'Use verbos output. More output per occurrence.  By default, it\'ll only report errors. `-v` show warnings `-vv` show info `-vvv` show debug `-vvvv` show trace'
complete -c wukong -n "__fish_wukong_using_subcommand google; and not __fish_seen_subcommand_from login help" -s q -l quiet -d 'Do not print log message'
complete -c wukong -n "__fish_wukong_using_subcommand google; and not __fish_seen_subcommand_from login help" -l report -d 'Store the debugging log in the log file, which is located at ~/.config/wukong'
complete -c wukong -n "__fish_wukong_using_subcommand google; and not __fish_seen_subcommand_from login help" -l canary -d 'Use the Canary channel API'
complete -c wukong -n "__fish_wukong_using_subcommand google; and not __fish_seen_subcommand_from login help" -s h -l help -d 'Print help'
complete -c wukong -n "__fish_wukong_using_subcommand google; and not __fish_seen_subcommand_from login help" -f -a "login" -d 'Login to Google'
complete -c wukong -n "__fish_wukong_using_subcommand google; and not __fish_seen_subcommand_from login help" -f -a "help" -d 'Print this message or the help of the given subcommand(s)'
complete -c wukong -n "__fish_wukong_using_subcommand google; and __fish_seen_subcommand_from login" -s v -l verbose -d 'Use verbos output. More output per occurrence.  By default, it\'ll only report errors. `-v` show warnings `-vv` show info `-vvv` show debug `-vvvv` show trace'
complete -c wukong -n "__fish_wukong_using_subcommand google; and __fish_seen_subcommand_from login" -s q -l quiet -d 'Do not print log message'
complete -c wukong -n "__fish_wukong_using_subcommand google; and __fish_seen_subcommand_from login" -l report -d 'Store the debugging log in the log file, which is located at ~/.config/wukong'
complete -c wukong -n "__fish_wukong_using_subcommand google; and __fish_seen_subcommand_from login" -l canary -d 'Use the Canary channel API'
complete -c wukong -n "__fish_wukong_using_subcommand google; and __fish_seen_subcommand_from login" -s h -l help -d 'Print help'
complete -c wukong -n "__fish_wukong_using_subcommand google; and __fish_seen_subcommand_from help" -f -a "login" -d 'Login to Google'
complete -c wukong -n "__fish_wukong_using_subcommand google; and __fish_seen_subcommand_from help" -f -a "help" -d 'Print this message or the help of the given subcommand(s)'
complete -c wukong -n "__fish_wukong_using_subcommand completion" -s v -l verbose -d 'Use verbos output. More output per occurrence.  By default, it\'ll only report errors. `-v` show warnings `-vv` show info `-vvv` show debug `-vvvv` show trace'
complete -c wukong -n "__fish_wukong_using_subcommand completion" -s q -l quiet -d 'Do not print log message'
complete -c wukong -n "__fish_wukong_using_subcommand completion" -l report -d 'Store the debugging log in the log file, which is located at ~/.config/wukong'
complete -c wukong -n "__fish_wukong_using_subcommand completion" -l canary -d 'Use the Canary channel API'
complete -c wukong -n "__fish_wukong_using_subcommand completion" -s h -l help -d 'Print help'
complete -c wukong -n "__fish_wukong_using_subcommand tui" -s v -l verbose -d 'Use verbos output. More output per occurrence.  By default, it\'ll only report errors. `-v` show warnings `-vv` show info `-vvv` show debug `-vvvv` show trace'
complete -c wukong -n "__fish_wukong_using_subcommand tui" -s q -l quiet -d 'Do not print log message'
complete -c wukong -n "__fish_wukong_using_subcommand tui" -l report -d 'Store the debugging log in the log file, which is located at ~/.config/wukong'
complete -c wukong -n "__fish_wukong_using_subcommand tui" -l canary -d 'Use the Canary channel API'
complete -c wukong -n "__fish_wukong_using_subcommand tui" -s h -l help -d 'Print help'
complete -c wukong -n "__fish_wukong_using_subcommand help; and not __fish_seen_subcommand_from init application deployment dev config login google completion tui help" -f -a "init" -d 'Initialize Wukong\'s configurations'
complete -c wukong -n "__fish_wukong_using_subcommand help; and not __fish_seen_subcommand_from init application deployment dev config login google completion tui help" -f -a "application" -d 'This command group contains the commands to interact with an application’s configurations'
complete -c wukong -n "__fish_wukong_using_subcommand help; and not __fish_seen_subcommand_from init application deployment dev config login google completion tui help" -f -a "deployment" -d 'This command group contains the commands to view and interact with the Continuous Delivery pipeline of an application'
complete -c wukong -n "__fish_wukong_using_subcommand help; and not __fish_seen_subcommand_from init application deployment dev config login google completion tui help" -f -a "dev" -d 'This command group contains the commands to interact with the local development environment'
complete -c wukong -n "__fish_wukong_using_subcommand help; and not __fish_seen_subcommand_from init application deployment dev config login google completion tui help" -f -a "config" -d 'This command group contains the commands to view & interact with Wukong\'s configurations'
complete -c wukong -n "__fish_wukong_using_subcommand help; and not __fish_seen_subcommand_from init application deployment dev config login google completion tui help" -f -a "login" -d 'Login to start using wukong command'
complete -c wukong -n "__fish_wukong_using_subcommand help; and not __fish_seen_subcommand_from init application deployment dev config login google completion tui help" -f -a "google" -d 'This command group contains the commands to interact with Google services'
complete -c wukong -n "__fish_wukong_using_subcommand help; and not __fish_seen_subcommand_from init application deployment dev config login google completion tui help" -f -a "completion" -d 'Generate wukong cli completions for your shell to stdout'
complete -c wukong -n "__fish_wukong_using_subcommand help; and not __fish_seen_subcommand_from init application deployment dev config login google completion tui help" -f -a "tui" -d 'Start TUI session'
complete -c wukong -n "__fish_wukong_using_subcommand help; and not __fish_seen_subcommand_from init application deployment dev config login google completion tui help" -f -a "help" -d 'Print this message or the help of the given subcommand(s)'
complete -c wukong -n "__fish_wukong_using_subcommand help; and __fish_seen_subcommand_from application" -f -a "info" -d 'Show the application’s relevant informations'
complete -c wukong -n "__fish_wukong_using_subcommand help; and __fish_seen_subcommand_from application" -f -a "logs" -d 'Getting the logs of the applications from the Google Cloud Logging'
complete -c wukong -n "__fish_wukong_using_subcommand help; and __fish_seen_subcommand_from application" -f -a "instances" -d 'This command group contains the commands to interact with an application’s instances'
complete -c wukong -n "__fish_wukong_using_subcommand help; and __fish_seen_subcommand_from application" -f -a "init"
complete -c wukong -n "__fish_wukong_using_subcommand help; and __fish_seen_subcommand_from deployment" -f -a "list" -d 'List the current available deployment pipelines of an application'
complete -c wukong -n "__fish_wukong_using_subcommand help; and __fish_seen_subcommand_from deployment" -f -a "execute" -d 'Start the deployment pipeline'
complete -c wukong -n "__fish_wukong_using_subcommand help; and __fish_seen_subcommand_from deployment" -f -a "rollback" -d 'Rollback the deployment pipeline'
complete -c wukong -n "__fish_wukong_using_subcommand help; and __fish_seen_subcommand_from deployment" -f -a "status" -d 'Get the status of the latest deployment'
complete -c wukong -n "__fish_wukong_using_subcommand help; and __fish_seen_subcommand_from dev" -f -a "config" -d 'This command group contains the commands to interact with the config secrets with bunker'
complete -c wukong -n "__fish_wukong_using_subcommand help; and __fish_seen_subcommand_from config" -f -a "list" -d 'List the configurations'
complete -c wukong -n "__fish_wukong_using_subcommand help; and __fish_seen_subcommand_from config" -f -a "set" -d 'Set the value of a configuration'
complete -c wukong -n "__fish_wukong_using_subcommand help; and __fish_seen_subcommand_from config" -f -a "get" -d 'Print the value of a configuration'
complete -c wukong -n "__fish_wukong_using_subcommand help; and __fish_seen_subcommand_from google" -f -a "login" -d 'Login to Google'
