---
source: cli/tests/completion.rs
expression: "std::str::from_utf8(&output.stdout).unwrap()"
---
Generate wukong cli completions for your shell to stdout

Usage: wukong completion [OPTIONS] <SHELL>

Arguments:
  <SHELL>  [possible values: bash, elvish, fish, powershell, zsh]

Options:
  -v, --verbose...  Use verbos output. More output per occurrence.
                    
                    By default, it'll only report errors.
                    `-v` show warnings
                    `-vv` show info
                    `-vvv` show debug
                    `-vvvv` show trace
  -q, --quiet...    Do not print log message
      --report      Store the debugging log in the log file, which is located at ~/.config/wukong
      --canary      Use the Canary channel API
  -h, --help        Print help
