---
source: cli/tests/config.rs
expression: "std::str::from_utf8(&output.stdout).unwrap()"
---
This command group contains the commands to view & interact with Wukong's configurations

Usage: wukong config [OPTIONS] <COMMAND>

Commands:
  list  List the configurations
  set   Set the value of a configuration
  get   Print the value of a configuration
  help  Print this message or the help of the given subcommand(s)

Options:
  -a, --application <APPLICATION>  Override the application name that the CLI will perform the
                                   command against. If the flag is not used, then the CLI will use
                                   the default application name from the config
  -v, --verbose...                 Use verbos output. More output per occurrence.
                                   
                                   By default, it'll only report errors.
                                   `-v` show warnings
                                   `-vv` show info
                                   `-vvv` show debug
                                   `-vvvv` show trace
  -q, --quiet...                   Do not print log message
      --report                     Store the debugging log in the log file, which is located at
                                   ~/.config/wukong
      --canary                     Use the Canary channel API
  -h, --help                       Print help

