---
source: tests/dev_config.rs
expression: "std::str::from_utf8(&output.stderr).unwrap()"
---
[31mError[39m [38;5;244m-[39m Invalid secret path in the config file
[36mSuggestion[39m [38;5;244m-[39m 
	Please check the vault:secret/mv/tech/app/dev#c.secret.exs in the config file: config/dev.exs


