---
source: tests/application.rs
expression: "std::str::from_utf8(&output.stdout).unwrap()"
---
Application Info for [32mvalid-application[39m:

Deployment:
Target - kubernetes
Stragety - basic

Links:
Performance Dashboard - https://grafana.mv.tech/aaa
SLOs Dashboard - https://grafana.mv.tech/bbb
Honeycomb Telemetry - https://ui.honeycomb.io/mv/datasets/ccc

