---
source: tests/deployment.rs
expression: "std::str::from_utf8(&output.stdout).unwrap()"
---
CD pipeline list for application valid-application:
┌───────┬─────────┬──────────────┬───────────────────┬──────────────┬─────────────────┬──────────┐
│ Prod                                                                                           │
├───────┼─────────┼──────────────┼───────────────────┼──────────────┼─────────────────┼──────────┤
│ Name  │ Enabled │ Deployed Ref │ Build Artifact    │ Triggered By │ Last deployment │ Status   │
├───────┼─────────┼──────────────┼───────────────────┼──────────────┼─────────────────┼──────────┤
│ [34mBlue[39m  │ Ready   │ N/A          │ [39m[1mmaster-build-250[0m[39m  │ N/A          │ 7 months ago    │ [1m[31mTERMINAL[39m[0m │
├───────┼─────────┼──────────────┼───────────────────┼──────────────┼─────────────────┼──────────┤
│ [32mGreen[39m │ Ready   │ N/A          │ [39m[1mmaster-build-1235[0m[39m │ N/A          │ N/A             │ N/A      │
└───────┴─────────┴──────────────┴───────────────────┴──────────────┴─────────────────┴──────────┘

┌──────┬─────────┬──────────────┬────────────────┬──────────────┬─────────────────┬────────┐
│ Staging                                                                                  │
├──────┼─────────┼──────────────┼────────────────┼──────────────┼─────────────────┼────────┤
│ Name │ Enabled │ Deployed Ref │ Build Artifact │ Triggered By │ Last deployment │ Status │
└──────┴─────────┴──────────────┴────────────────┴──────────────┴─────────────────┴────────┘


